分类: 📺央视频道, 名称: CCTV-1, 有效: 5, IPv4: 135, IPv6: 0, 最小延迟: 113 ms, 最高速率: 8.74 M/s, 平均速率: 7.42 M/s, 最高分辨率: 1920x1080, 平均帧率: 未知, 视频编解码器: 未知, 音频编解码器: 未知
分类: 📺央视频道, 名称: CCTV-2, 有效: 5, IPv4: 97, IPv6: 0, 最小延迟: 104 ms, 最高速率: 9.41 M/s, 平均速率: 6.47 M/s, 最高分辨率: 1920x1080, 平均帧率: 未知, 视频编解码器: 未知, 音频编解码器: 未知
分类: 📺央视频道, 名称: CCTV-3, 有效: 5, IPv4: 91, IPv6: 0, 最小延迟: 491 ms, 最高速率: 8.94 M/s, 平均速率: 4.43 M/s, 最高分辨率: 1920x1080, 平均帧率: 未知, 视频编解码器: 未知, 音频编解码器: 未知
分类: 📺央视频道, 名称: CCTV-4, 有效: 5, IPv4: 101, IPv6: 0, 最小延迟: 103 ms, 最高速率: 10.03 M/s, 平均速率: 8.92 M/s, 最高分辨率: 1920x1080, 平均帧率: 未知, 视频编解码器: 未知, 音频编解码器: 未知
分类: 📺央视频道, 名称: CCTV-5, 有效: 5, IPv4: 95, IPv6: 0, 最小延迟: 108 ms, 最高速率: 9.81 M/s, 平均速率: 6.65 M/s, 最高分辨率: 1920x1080, 平均帧率: 未知, 视频编解码器: 未知, 音频编解码器: 未知
分类: 📺央视频道, 名称: CCTV-5+, 有效: 5, IPv4: 90, IPv6: 0, 最小延迟: 403 ms, 最高速率: 2.94 M/s, 平均速率: 1.21 M/s, 最高分辨率: 1920x1080, 平均帧率: 未知, 视频编解码器: 未知, 音频编解码器: 未知
分类: 📺央视频道, 名称: CCTV-6, 有效: 5, IPv4: 91, IPv6: 0, 最小延迟: 112 ms, 最高速率: 9.12 M/s, 平均速率: 8.62 M/s, 最高分辨率: 1920x1080, 平均帧率: 未知, 视频编解码器: 未知, 音频编解码器: 未知
分类: 📺央视频道, 名称: CCTV-7, 有效: 5, IPv4: 90, IPv6: 0, 最小延迟: 106 ms, 最高速率: 9.52 M/s, 平均速率: 6.00 M/s, 最高分辨率: 1920x1080, 平均帧率: 未知, 视频编解码器: 未知, 音频编解码器: 未知
分类: 📺央视频道, 名称: CCTV-8, 有效: 5, IPv4: 91, IPv6: 0, 最小延迟: 101 ms, 最高速率: 9.35 M/s, 平均速率: 6.22 M/s, 最高分辨率: 1920x1080, 平均帧率: 未知, 视频编解码器: 未知, 音频编解码器: 未知
分类: 📺央视频道, 名称: CCTV-9, 有效: 5, IPv4: 88, IPv6: 0, 最小延迟: 100 ms, 最高速率: 10.22 M/s, 平均速率: 7.94 M/s, 最高分辨率: 1920x1080, 平均帧率: 未知, 视频编解码器: 未知, 音频编解码器: 未知
分类: 📺央视频道, 名称: CCTV-10, 有效: 5, IPv4: 97, IPv6: 0, 最小延迟: 104 ms, 最高速率: 8.48 M/s, 平均速率: 7.96 M/s, 最高分辨率: 1920x1080, 平均帧率: 未知, 视频编解码器: 未知, 音频编解码器: 未知
分类: 📺央视频道, 名称: CCTV-11, 有效: 6, IPv4: 89, IPv6: 0, 最小延迟: 118 ms, 最高速率: 8.42 M/s, 平均速率: 6.59 M/s, 最高分辨率: 1920x1080, 平均帧率: 未知, 视频编解码器: 未知, 音频编解码器: 未知
分类: 📺央视频道, 名称: CCTV-12, 有效: 5, IPv4: 96, IPv6: 0, 最小延迟: 327 ms, 最高速率: 1.74 M/s, 平均速率: 0.89 M/s, 最高分辨率: 1920x1080, 平均帧率: 未知, 视频编解码器: 未知, 音频编解码器: 未知
分类: 📺央视频道, 名称: CCTV-13, 有效: 5, IPv4: 90, IPv6: 0, 最小延迟: 109 ms, 最高速率: 9.02 M/s, 平均速率: 7.55 M/s, 最高分辨率: 1920x1080, 平均帧率: 未知, 视频编解码器: 未知, 音频编解码器: 未知
分类: 📺央视频道, 名称: CCTV-14, 有效: 6, IPv4: 96, IPv6: 0, 最小延迟: 99 ms, 最高速率: 9.53 M/s, 平均速率: 5.53 M/s, 最高分辨率: 1920x1080, 平均帧率: 未知, 视频编解码器: 未知, 音频编解码器: 未知
分类: 📺央视频道, 名称: CCTV-15, 有效: 5, IPv4: 86, IPv6: 0, 最小延迟: 101 ms, 最高速率: 9.68 M/s, 平均速率: 4.25 M/s, 最高分辨率: 1920x1080, 平均帧率: 未知, 视频编解码器: 未知, 音频编解码器: 未知
分类: 📺央视频道, 名称: CCTV-16, 有效: 5, IPv4: 61, IPv6: 0, 最小延迟: 109 ms, 最高速率: 9.35 M/s, 平均速率: 5.87 M/s, 最高分辨率: 1920x1080, 平均帧率: 未知, 视频编解码器: 未知, 音频编解码器: 未知
分类: 📺央视频道, 名称: CCTV-17, 有效: 5, IPv4: 93, IPv6: 0, 最小延迟: 113 ms, 最高速率: 8.73 M/s, 平均速率: 8.45 M/s, 最高分辨率: 1920x1080, 平均帧率: 未知, 视频编解码器: 未知, 音频编解码器: 未知
分类: 📺央视频道, 名称: CETV-1, 有效: 1, IPv4: 62, IPv6: 0, 最小延迟: 469 ms, 最高速率: 0.56 M/s, 平均速率: 0.56 M/s, 最高分辨率: 1920x1080, 平均帧率: 25.00, 视频编解码器: h264, 音频编解码器: mp2
分类: 📺央视频道, 名称: CETV-3, 有效: 1, IPv4: 1, IPv6: 0, 最小延迟: 497 ms, 最高速率: 5.34 M/s, 平均速率: 5.34 M/s, 最高分辨率: 1280x720, 平均帧率: 未知, 视频编解码器: 未知, 音频编解码器: 未知
分类: 📺央视频道, 名称: CETV-2, 有效: 1, IPv4: 33, IPv6: 0, 最小延迟: 101 ms, 最高速率: 9.71 M/s, 平均速率: 9.71 M/s, 最高分辨率: 1920x1080, 平均帧率: 25.00, 视频编解码器: h264, 音频编解码器: mp2
分类: 💰央视付费频道, 名称: 文化精品, 有效: 2, IPv4: 22, IPv6: 0, 最小延迟: 483 ms, 最高速率: 5.86 M/s, 平均速率: 5.77 M/s, 最高分辨率: 1920x1080, 平均帧率: 未知, 视频编解码器: 未知, 音频编解码器: 未知
分类: 📺央视频道, 名称: CETV-4, 有效: 1, IPv4: 50, IPv6: 0, 最小延迟: 474 ms, 最高速率: 5.63 M/s, 平均速率: 5.63 M/s, 最高分辨率: 1280x720, 平均帧率: 25.00, 视频编解码器: h264, 音频编解码器: mp2
分类: 💰央视付费频道, 名称: 央视台球, 有效: 2, IPv4: 25, IPv6: 0, 最小延迟: 501 ms, 最高速率: 8.24 M/s, 平均速率: 8.23 M/s, 最高分辨率: 1920x1080, 平均帧率: 未知, 视频编解码器: 未知, 音频编解码器: 未知
分类: 💰央视付费频道, 名称: 风云音乐, 有效: 2, IPv4: 22, IPv6: 0, 最小延迟: 529 ms, 最高速率: 8.21 M/s, 平均速率: 8.21 M/s, 最高分辨率: 1920x1080, 平均帧率: 未知, 视频编解码器: 未知, 音频编解码器: 未知
分类: 💰央视付费频道, 名称: 第一剧场, 有效: 2, IPv4: 30, IPv6: 0, 最小延迟: 524 ms, 最高速率: 9.29 M/s, 平均速率: 9.21 M/s, 最高分辨率: 1920x1080, 平均帧率: 未知, 视频编解码器: 未知, 音频编解码器: 未知
分类: 💰央视付费频道, 名称: 风云剧场, 有效: 2, IPv4: 28, IPv6: 0, 最小延迟: 514 ms, 最高速率: 8.94 M/s, 平均速率: 8.82 M/s, 最高分辨率: 1920x1080, 平均帧率: 25.00, 视频编解码器: h264, 音频编解码器: aac
分类: 💰央视付费频道, 名称: 怀旧剧场, 有效: 2, IPv4: 28, IPv6: 0, 最小延迟: 708 ms, 最高速率: 5.87 M/s, 平均速率: 5.86 M/s, 最高分辨率: 1920x1080, 平均帧率: 未知, 视频编解码器: 未知, 音频编解码器: 未知
分类: 💰央视付费频道, 名称: 女性时尚, 有效: 2, IPv4: 22, IPv6: 0, 最小延迟: 522 ms, 最高速率: 8.14 M/s, 平均速率: 7.95 M/s, 最高分辨率: 1920x1080, 平均帧率: 未知, 视频编解码器: 未知, 音频编解码器: 未知
分类: 💰央视付费频道, 名称: 高尔夫网球, 有效: 1, IPv4: 25, IPv6: 0, 最小延迟: 517 ms, 最高速率: 7.96 M/s, 平均速率: 7.96 M/s, 最高分辨率: 1920x1080, 平均帧率: 未知, 视频编解码器: 未知, 音频编解码器: 未知
分类: 💰央视付费频道, 名称: 电视指南, 有效: 1, IPv4: 1, IPv6: 0, 最小延迟: 396 ms, 最高速率: 2.55 M/s, 平均速率: 2.55 M/s, 最高分辨率: 1920x1080, 平均帧率: 未知, 视频编解码器: 未知, 音频编解码器: 未知
分类: 💰央视付费频道, 名称: 风云足球, 有效: 2, IPv4: 23, IPv6: 0, 最小延迟: 527 ms, 最高速率: 7.60 M/s, 平均速率: 7.32 M/s, 最高分辨率: 1920x1080, 平均帧率: 未知, 视频编解码器: 未知, 音频编解码器: 未知
分类: 💰央视付费频道, 名称: 世界地理, 有效: 2, IPv4: 22, IPv6: 0, 最小延迟: 534 ms, 最高速率: 8.09 M/s, 平均速率: 8.00 M/s, 最高分辨率: 1920x1080, 平均帧率: 未知, 视频编解码器: 未知, 音频编解码器: 未知
分类: 💰央视付费频道, 名称: 兵器科技, 有效: 1, IPv4: 22, IPv6: 0, 最小延迟: 1746 ms, 最高速率: 2.27 M/s, 平均速率: 2.27 M/s, 最高分辨率: 1920x1080, 平均帧率: 未知, 视频编解码器: 未知, 音频编解码器: 未知
分类: 📡卫视频道, 名称: 广东卫视, 有效: 6, IPv4: 99, IPv6: 0, 最小延迟: 97 ms, 最高速率: 11.17 M/s, 平均速率: 7.04 M/s, 最高分辨率: 1920x1080, 平均帧率: 未知, 视频编解码器: 未知, 音频编解码器: 未知
分类: 📡卫视频道, 名称: 星空卫视, 有效: 0, IPv4: 6, IPv6: 0, 最小延迟: -1 ms, 最高速率: 0.00 M/s, 平均速率: 0.00 M/s, 最高分辨率: None, 平均帧率: 未知, 视频编解码器: 未知, 音频编解码器: 未知
分类: 📡卫视频道, 名称: 浙江卫视, 有效: 6, IPv4: 91, IPv6: 0, 最小延迟: 107 ms, 最高速率: 9.90 M/s, 平均速率: 8.14 M/s, 最高分辨率: 1920x1080, 平均帧率: 未知, 视频编解码器: 未知, 音频编解码器: 未知
分类: 📡卫视频道, 名称: 湖南卫视, 有效: 6, IPv4: 102, IPv6: 0, 最小延迟: 102 ms, 最高速率: 9.46 M/s, 平均速率: 5.07 M/s, 最高分辨率: 3840x2160, 平均帧率: 未知, 视频编解码器: 未知, 音频编解码器: 未知
分类: 📡卫视频道, 名称: 北京卫视, 有效: 5, IPv4: 99, IPv6: 0, 最小延迟: 119 ms, 最高速率: 9.40 M/s, 平均速率: 4.83 M/s, 最高分辨率: 1920x1080, 平均帧率: 未知, 视频编解码器: 未知, 音频编解码器: 未知
分类: 📡卫视频道, 名称: 湖北卫视, 有效: 6, IPv4: 96, IPv6: 0, 最小延迟: 106 ms, 最高速率: 9.47 M/s, 平均速率: 7.58 M/s, 最高分辨率: 1920x1080, 平均帧率: 未知, 视频编解码器: 未知, 音频编解码器: 未知
分类: 📡卫视频道, 名称: 黑龙江卫视, 有效: 6, IPv4: 92, IPv6: 0, 最小延迟: 109 ms, 最高速率: 8.71 M/s, 平均速率: 5.73 M/s, 最高分辨率: 1920x1080, 平均帧率: 未知, 视频编解码器: 未知, 音频编解码器: 未知
分类: 📡卫视频道, 名称: 香港卫视, 有效: 1, IPv4: 1, IPv6: 0, 最小延迟: 10149 ms, 最高速率: 0.27 M/s, 平均速率: 0.27 M/s, 最高分辨率: 1280x720, 平均帧率: 25.00, 视频编解码器: h264, 音频编解码器: aac
分类: 📡卫视频道, 名称: 安徽卫视, 有效: 5, IPv4: 88, IPv6: 0, 最小延迟: 546 ms, 最高速率: 8.11 M/s, 平均速率: 3.71 M/s, 最高分辨率: 1920x1080, 平均帧率: 未知, 视频编解码器: 未知, 音频编解码器: 未知
分类: 📡卫视频道, 名称: 重庆卫视, 有效: 6, IPv4: 95, IPv6: 0, 最小延迟: 103 ms, 最高速率: 9.64 M/s, 平均速率: 3.94 M/s, 最高分辨率: 1920x1080, 平均帧率: 未知, 视频编解码器: 未知, 音频编解码器: 未知
分类: 📡卫视频道, 名称: 东方卫视, 有效: 5, IPv4: 99, IPv6: 0, 最小延迟: 83 ms, 最高速率: 9.14 M/s, 平均速率: 7.63 M/s, 最高分辨率: 1920x1080, 平均帧率: 未知, 视频编解码器: 未知, 音频编解码器: 未知
分类: 📡卫视频道, 名称: 东南卫视, 有效: 5, IPv4: 85, IPv6: 0, 最小延迟: 111 ms, 最高速率: 8.94 M/s, 平均速率: 8.43 M/s, 最高分辨率: 1920x1080, 平均帧率: 未知, 视频编解码器: 未知, 音频编解码器: 未知
分类: 📡卫视频道, 名称: 广西卫视, 有效: 6, IPv4: 81, IPv6: 0, 最小延迟: 105 ms, 最高速率: 9.89 M/s, 平均速率: 7.04 M/s, 最高分辨率: 1920x1080, 平均帧率: 未知, 视频编解码器: 未知, 音频编解码器: 未知
分类: 📡卫视频道, 名称: 甘肃卫视, 有效: 4, IPv4: 64, IPv6: 0, 最小延迟: 1294 ms, 最高速率: 2.73 M/s, 平均速率: 1.55 M/s, 最高分辨率: 1920x1080, 平均帧率: 25.00, 视频编解码器: h264, 音频编解码器: mp2
分类: 📡卫视频道, 名称: 海南卫视, 有效: 8, IPv4: 77, IPv6: 0, 最小延迟: 97 ms, 最高速率: 9.93 M/s, 平均速率: 6.29 M/s, 最高分辨率: 1920x1080, 平均帧率: 未知, 视频编解码器: 未知, 音频编解码器: 未知
分类: 📡卫视频道, 名称: 河北卫视, 有效: 8, IPv4: 83, IPv6: 0, 最小延迟: 92 ms, 最高速率: 10.02 M/s, 平均速率: 4.20 M/s, 最高分辨率: 1920x1080, 平均帧率: 未知, 视频编解码器: 未知, 音频编解码器: 未知
分类: 📡卫视频道, 名称: 河南卫视, 有效: 8, IPv4: 87, IPv6: 0, 最小延迟: 96 ms, 最高速率: 9.88 M/s, 平均速率: 6.28 M/s, 最高分辨率: 1920x1080, 平均帧率: 未知, 视频编解码器: 未知, 音频编解码器: 未知
分类: 📡卫视频道, 名称: 吉林卫视, 有效: 7, IPv4: 86, IPv6: 0, 最小延迟: 108 ms, 最高速率: 9.67 M/s, 平均速率: 4.39 M/s, 最高分辨率: 1920x1080, 平均帧率: 未知, 视频编解码器: 未知, 音频编解码器: 未知
分类: 📡卫视频道, 名称: 江苏卫视, 有效: 5, IPv4: 98, IPv6: 0, 最小延迟: 115 ms, 最高速率: 9.11 M/s, 平均速率: 7.29 M/s, 最高分辨率: 1920x1080, 平均帧率: 未知, 视频编解码器: 未知, 音频编解码器: 未知
分类: 📡卫视频道, 名称: 江西卫视, 有效: 5, IPv4: 89, IPv6: 0, 最小延迟: 95 ms, 最高速率: 10.14 M/s, 平均速率: 9.73 M/s, 最高分辨率: 1920x1080, 平均帧率: 未知, 视频编解码器: 未知, 音频编解码器: 未知
分类: 📡卫视频道, 名称: 辽宁卫视, 有效: 7, IPv4: 93, IPv6: 0, 最小延迟: 103 ms, 最高速率: 9.73 M/s, 平均速率: 5.77 M/s, 最高分辨率: 1920x1080, 平均帧率: 未知, 视频编解码器: 未知, 音频编解码器: 未知
分类: 📡卫视频道, 名称: 贵州卫视, 有效: 5, IPv4: 84, IPv6: 0, 最小延迟: 460 ms, 最高速率: 1.16 M/s, 平均速率: 0.85 M/s, 最高分辨率: 1920x1080, 平均帧率: 35.00, 视频编解码器: h264, 音频编解码器: mp2
分类: 📡卫视频道, 名称: 内蒙古卫视, 有效: 5, IPv4: 46, IPv6: 0, 最小延迟: 99 ms, 最高速率: 9.93 M/s, 平均速率: 9.10 M/s, 最高分辨率: 1920x1080, 平均帧率: 未知, 视频编解码器: 未知, 音频编解码器: 未知
分类: 📡卫视频道, 名称: 宁夏卫视, 有效: 5, IPv4: 51, IPv6: 0, 最小延迟: 503 ms, 最高速率: 7.63 M/s, 平均速率: 5.82 M/s, 最高分辨率: 1920x1080, 平均帧率: 未知, 视频编解码器: 未知, 音频编解码器: 未知
分类: 📡卫视频道, 名称: 青海卫视, 有效: 5, IPv4: 69, IPv6: 0, 最小延迟: 105 ms, 最高速率: 9.52 M/s, 平均速率: 7.65 M/s, 最高分辨率: 1920x1080, 平均帧率: 未知, 视频编解码器: 未知, 音频编解码器: 未知
分类: 📡卫视频道, 名称: 山东卫视, 有效: 5, IPv4: 94, IPv6: 0, 最小延迟: 113 ms, 最高速率: 8.21 M/s, 平均速率: 7.61 M/s, 最高分辨率: 1920x1080, 平均帧率: 未知, 视频编解码器: 未知, 音频编解码器: 未知
分类: 📡卫视频道, 名称: 山西卫视, 有效: 5, IPv4: 52, IPv6: 0, 最小延迟: 100 ms, 最高速率: 9.57 M/s, 平均速率: 7.77 M/s, 最高分辨率: 1920x1080, 平均帧率: 未知, 视频编解码器: 未知, 音频编解码器: 未知
分类: 📡卫视频道, 名称: 陕西卫视, 有效: 5, IPv4: 62, IPv6: 0, 最小延迟: 101 ms, 最高速率: 9.97 M/s, 平均速率: 6.74 M/s, 最高分辨率: 1920x1080, 平均帧率: 未知, 视频编解码器: 未知, 音频编解码器: 未知
分类: 📡卫视频道, 名称: 四川卫视, 有效: 5, IPv4: 82, IPv6: 0, 最小延迟: 105 ms, 最高速率: 9.12 M/s, 平均速率: 8.67 M/s, 最高分辨率: 1920x1080, 平均帧率: 未知, 视频编解码器: 未知, 音频编解码器: 未知
分类: 📡卫视频道, 名称: 深圳卫视, 有效: 5, IPv4: 99, IPv6: 0, 最小延迟: 100 ms, 最高速率: 9.19 M/s, 平均速率: 7.19 M/s, 最高分辨率: 1920x1080, 平均帧率: 未知, 视频编解码器: 未知, 音频编解码器: 未知
分类: 📡卫视频道, 名称: 三沙卫视, 有效: 5, IPv4: 43, IPv6: 0, 最小延迟: 100 ms, 最高速率: 9.22 M/s, 平均速率: 5.76 M/s, 最高分辨率: 1920x1080, 平均帧率: 未知, 视频编解码器: 未知, 音频编解码器: 未知
分类: 📡卫视频道, 名称: 安多卫视, 有效: 0, IPv4: 5, IPv6: 0, 最小延迟: -1 ms, 最高速率: 0.00 M/s, 平均速率: 0.00 M/s, 最高分辨率: None, 平均帧率: 未知, 视频编解码器: 未知, 音频编解码器: 未知
分类: 📡卫视频道, 名称: 兵团卫视, 有效: 0, IPv4: 36, IPv6: 0, 最小延迟: 458 ms, 最高速率: 5.68 M/s, 平均速率: 0.00 M/s, 最高分辨率: 720x576, 平均帧率: 25.00, 视频编解码器: h264, 音频编解码器: aac
分类: 📡卫视频道, 名称: 延边卫视, 有效: 2, IPv4: 10, IPv6: 0, 最小延迟: 720 ms, 最高速率: 2.74 M/s, 平均速率: 2.72 M/s, 最高分辨率: 1280x720, 平均帧率: 未知, 视频编解码器: 未知, 音频编解码器: 未知
分类: 📡卫视频道, 名称: 天津卫视, 有效: 7, IPv4: 95, IPv6: 0, 最小延迟: 102 ms, 最高速率: 10.43 M/s, 平均速率: 6.92 M/s, 最高分辨率: 1920x1080, 平均帧率: 未知, 视频编解码器: 未知, 音频编解码器: 未知
分类: 📡卫视频道, 名称: 西藏卫视, 有效: 5, IPv4: 43, IPv6: 0, 最小延迟: 116 ms, 最高速率: 8.83 M/s, 平均速率: 5.12 M/s, 最高分辨率: 1920x1080, 平均帧率: 未知, 视频编解码器: 未知, 音频编解码器: 未知
分类: 📡卫视频道, 名称: 新疆卫视, 有效: 5, IPv4: 48, IPv6: 0, 最小延迟: 112 ms, 最高速率: 9.39 M/s, 平均速率: 8.67 M/s, 最高分辨率: 1920x1080, 平均帧率: 未知, 视频编解码器: 未知, 音频编解码器: 未知
分类: 📡卫视频道, 名称: 厦门卫视, 有效: 0, IPv4: 23, IPv6: 0, 最小延迟: 479 ms, 最高速率: 5.60 M/s, 平均速率: 0.00 M/s, 最高分辨率: 720x576, 平均帧率: 25.00, 视频编解码器: h264, 音频编解码器: mp2
分类: 📡卫视频道, 名称: 澳视卫星, 有效: 0, IPv4: 1, IPv6: 0, 最小延迟: 133 ms, 最高速率: 25.67 M/s, 平均速率: 0.00 M/s, 最高分辨率: None, 平均帧率: 未知, 视频编解码器: 未知, 音频编解码器: 未知
分类: ☘️广东频道, 名称: 广东珠江, 有效: 5, IPv4: 12, IPv6: 0, 最小延迟: 93 ms, 最高速率: 10.99 M/s, 平均速率: 5.44 M/s, 最高分辨率: 1920x1080, 平均帧率: 未知, 视频编解码器: 未知, 音频编解码器: 未知
分类: 📡卫视频道, 名称: 人间卫视, 有效: 3, IPv4: 3, IPv6: 0, 最小延迟: 4600 ms, 最高速率: 0.36 M/s, 平均速率: 0.32 M/s, 最高分辨率: 1280x720, 平均帧率: 未知, 视频编解码器: 未知, 音频编解码器: 未知
分类: ☘️广东频道, 名称: 广东新闻, 有效: 2, IPv4: 2, IPv6: 0, 最小延迟: 427 ms, 最高速率: 8.99 M/s, 平均速率: 6.45 M/s, 最高分辨率: 1280x720, 平均帧率: 未知, 视频编解码器: 未知, 音频编解码器: 未知
分类: 📡卫视频道, 名称: 云南卫视, 有效: 4, IPv4: 80, IPv6: 0, 最小延迟: 517 ms, 最高速率: 8.41 M/s, 平均速率: 2.62 M/s, 最高分辨率: 1920x1080, 平均帧率: 28.57, 视频编解码器: h264, 音频编解码器: mp2
分类: ☘️广东频道, 名称: 广东影视频道, 有效: 0, IPv4: 3, IPv6: 0, 最小延迟: -1 ms, 最高速率: 0.00 M/s, 平均速率: 0.00 M/s, 最高分辨率: None, 平均帧率: 未知, 视频编解码器: 未知, 音频编解码器: 未知
分类: ☘️广东频道, 名称: 大湾区卫视, 有效: 5, IPv4: 10, IPv6: 0, 最小延迟: 93 ms, 最高速率: 10.30 M/s, 平均速率: 8.99 M/s, 最高分辨率: 1920x1080, 平均帧率: 未知, 视频编解码器: 未知, 音频编解码器: 未知
分类: ☘️广东频道, 名称: 广东体育, 有效: 0, IPv4: 3, IPv6: 0, 最小延迟: 1050 ms, 最高速率: 0.32 M/s, 平均速率: 0.00 M/s, 最高分辨率: 1920x1080, 平均帧率: 25.00, 视频编解码器: h264, 音频编解码器: aac
分类: ☘️广东频道, 名称: 广州影视, 有效: 0, IPv4: 1, IPv6: 0, 最小延迟: -1 ms, 最高速率: 0.00 M/s, 平均速率: 0.00 M/s, 最高分辨率: None, 平均帧率: 未知, 视频编解码器: 未知, 音频编解码器: 未知
分类: ☘️广西频道, 名称: 乐业综合, 有效: 0, IPv4: 2, IPv6: 0, 最小延迟: -1 ms, 最高速率: 0.00 M/s, 平均速率: 0.00 M/s, 最高分辨率: None, 平均帧率: 未知, 视频编解码器: 未知, 音频编解码器: 未知
分类: ☘️广西频道, 名称: 凭祥综合, 有效: 0, IPv4: 2, IPv6: 0, 最小延迟: -1 ms, 最高速率: 0.00 M/s, 平均速率: 0.00 M/s, 最高分辨率: None, 平均帧率: 未知, 视频编解码器: 未知, 音频编解码器: 未知
分类: ☘️广西频道, 名称: 博白综合, 有效: 0, IPv4: 2, IPv6: 0, 最小延迟: -1 ms, 最高速率: 0.00 M/s, 平均速率: 0.00 M/s, 最高分辨率: None, 平均帧率: 未知, 视频编解码器: 未知, 音频编解码器: 未知
分类: ☘️广西频道, 名称: 天等综合, 有效: 0, IPv4: 2, IPv6: 0, 最小延迟: -1 ms, 最高速率: 0.00 M/s, 平均速率: 0.00 M/s, 最高分辨率: None, 平均帧率: 未知, 视频编解码器: 未知, 音频编解码器: 未知
分类: ☘️广西频道, 名称: 岑溪综合, 有效: 0, IPv4: 2, IPv6: 0, 最小延迟: -1 ms, 最高速率: 0.00 M/s, 平均速率: 0.00 M/s, 最高分辨率: None, 平均帧率: 未知, 视频编解码器: 未知, 音频编解码器: 未知
分类: ☘️广西频道, 名称: 昭平综合, 有效: 0, IPv4: 2, IPv6: 0, 最小延迟: -1 ms, 最高速率: 0.00 M/s, 平均速率: 0.00 M/s, 最高分辨率: None, 平均帧率: 未知, 视频编解码器: 未知, 音频编解码器: 未知
分类: ☘️广东频道, 名称: 江门侨乡生活, 有效: 0, IPv4: 2, IPv6: 0, 最小延迟: -1 ms, 最高速率: 0.00 M/s, 平均速率: 0.00 M/s, 最高分辨率: None, 平均帧率: 未知, 视频编解码器: 未知, 音频编解码器: 未知
分类: ☘️广西频道, 名称: 田东综合, 有效: 0, IPv4: 2, IPv6: 0, 最小延迟: -1 ms, 最高速率: 0.00 M/s, 平均速率: 0.00 M/s, 最高分辨率: None, 平均帧率: 未知, 视频编解码器: 未知, 音频编解码器: 未知
分类: ☘️广西频道, 名称: 罗城综合, 有效: 0, IPv4: 1, IPv6: 0, 最小延迟: -1 ms, 最高速率: 0.00 M/s, 平均速率: 0.00 M/s, 最高分辨率: None, 平均帧率: 未知, 视频编解码器: 未知, 音频编解码器: 未知
分类: ☘️广西频道, 名称: 融水综合, 有效: 0, IPv4: 2, IPv6: 0, 最小延迟: -1 ms, 最高速率: 0.00 M/s, 平均速率: 0.00 M/s, 最高分辨率: None, 平均帧率: 未知, 视频编解码器: 未知, 音频编解码器: 未知
分类: ☘️广西频道, 名称: 西林综合, 有效: 0, IPv4: 2, IPv6: 0, 最小延迟: -1 ms, 最高速率: 0.00 M/s, 平均速率: 0.00 M/s, 最高分辨率: None, 平均帧率: 未知, 视频编解码器: 未知, 音频编解码器: 未知
分类: ☘️广东频道, 名称: 广州竞赛, 有效: 1, IPv4: 2, IPv6: 0, 最小延迟: 408 ms, 最高速率: 5.80 M/s, 平均速率: 5.80 M/s, 最高分辨率: 1280x720, 平均帧率: 25.00, 视频编解码器: h264, 音频编解码器: aac
分类: ☘️广东频道, 名称: 广东民生, 有效: 1, IPv4: 2, IPv6: 0, 最小延迟: 1399 ms, 最高速率: 0.90 M/s, 平均速率: 0.90 M/s, 最高分辨率: 1920x1080, 平均帧率: 25.00, 视频编解码器: h264, 音频编解码器: aac
分类: ☘️广东频道, 名称: 广州综合, 有效: 2, IPv4: 5, IPv6: 0, 最小延迟: 1472 ms, 最高速率: 0.52 M/s, 平均速率: 0.44 M/s, 最高分辨率: 1280x720, 平均帧率: 25.00, 视频编解码器: h264, 音频编解码器: aac
分类: ☘️广西频道, 名称: 都安综合, 有效: 0, IPv4: 2, IPv6: 0, 最小延迟: -1 ms, 最高速率: 0.00 M/s, 平均速率: 0.00 M/s, 最高分辨率: None, 平均帧率: 未知, 视频编解码器: 未知, 音频编解码器: 未知
分类: ☘️广西频道, 名称: 贺州综合, 有效: 0, IPv4: 2, IPv6: 0, 最小延迟: -1 ms, 最高速率: 0.00 M/s, 平均速率: 0.00 M/s, 最高分辨率: None, 平均帧率: 未知, 视频编解码器: 未知, 音频编解码器: 未知
分类: ☘️广西频道, 名称: 钦州公共, 有效: 0, IPv4: 1, IPv6: 0, 最小延迟: -1 ms, 最高速率: 0.00 M/s, 平均速率: 0.00 M/s, 最高分辨率: None, 平均帧率: 未知, 视频编解码器: 未知, 音频编解码器: 未知
分类: ☘️广西频道, 名称: 靖西综合, 有效: 0, IPv4: 2, IPv6: 0, 最小延迟: -1 ms, 最高速率: 0.00 M/s, 平均速率: 0.00 M/s, 最高分辨率: None, 平均帧率: 未知, 视频编解码器: 未知, 音频编解码器: 未知
分类: ☘️广西频道, 名称: 钦州综合, 有效: 0, IPv4: 1, IPv6: 0, 最小延迟: -1 ms, 最高速率: 0.00 M/s, 平均速率: 0.00 M/s, 最高分辨率: None, 平均帧率: 未知, 视频编解码器: 未知, 音频编解码器: 未知
分类: ☘️广西频道, 名称: 贺州新闻, 有效: 0, IPv4: 1, IPv6: 0, 最小延迟: -1 ms, 最高速率: 0.00 M/s, 平均速率: 0.00 M/s, 最高分辨率: None, 平均帧率: 未知, 视频编解码器: 未知, 音频编解码器: 未知
分类: ☘️广西频道, 名称: 玉林新闻, 有效: 0, IPv4: 1, IPv6: 0, 最小延迟: -1 ms, 最高速率: 0.00 M/s, 平均速率: 0.00 M/s, 最高分辨率: None, 平均帧率: 未知, 视频编解码器: 未知, 音频编解码器: 未知
分类: ☘️广西频道, 名称: 广西新闻, 有效: 1, IPv4: 2, IPv6: 0, 最小延迟: 502 ms, 最高速率: 7.72 M/s, 平均速率: 7.72 M/s, 最高分辨率: 1920x1080, 平均帧率: 未知, 视频编解码器: 未知, 音频编解码器: 未知
分类: ☘️广西频道, 名称: 广西综艺旅游, 有效: 1, IPv4: 2, IPv6: 0, 最小延迟: 556 ms, 最高速率: 9.41 M/s, 平均速率: 9.41 M/s, 最高分辨率: 1280x720, 平均帧率: 未知, 视频编解码器: 未知, 音频编解码器: 未知
分类: ☘️广西频道, 名称: 广西影视频道, 有效: 1, IPv4: 2, IPv6: 0, 最小延迟: 2494 ms, 最高速率: 2.14 M/s, 平均速率: 2.14 M/s, 最高分辨率: 1920x1080, 平均帧率: 未知, 视频编解码器: 未知, 音频编解码器: 未知
分类: ☘️广西频道, 名称: 广西都市频道, 有效: 1, IPv4: 2, IPv6: 0, 最小延迟: 1057 ms, 最高速率: 4.89 M/s, 平均速率: 4.89 M/s, 最高分辨率: 1920x1080, 平均帧率: 未知, 视频编解码器: 未知, 音频编解码器: 未知
分类: ☘️广西频道, 名称: 广西国际频道, 有效: 1, IPv4: 2, IPv6: 0, 最小延迟: 1060 ms, 最高速率: 5.05 M/s, 平均速率: 5.05 M/s, 最高分辨率: 1920x1080, 平均帧率: 未知, 视频编解码器: 未知, 音频编解码器: 未知
分类: ☘️广西频道, 名称: 广西移动电视, 有效: 0, IPv4: 1, IPv6: 0, 最小延迟: -1 ms, 最高速率: 0.00 M/s, 平均速率: 0.00 M/s, 最高分辨率: None, 平均帧率: 未知, 视频编解码器: 未知, 音频编解码器: 未知
分类: ☘️广西频道, 名称: 来宾综合, 有效: 0, IPv4: 1, IPv6: 0, 最小延迟: 10818 ms, 最高速率: 0.38 M/s, 平均速率: 0.00 M/s, 最高分辨率: 1920x1080, 平均帧率: 25.00, 视频编解码器: h264, 音频编解码器: aac
分类: ☘️广西频道, 名称: 广西IPTV7, 有效: 0, IPv4: 1, IPv6: 0, 最小延迟: -1 ms, 最高速率: 0.00 M/s, 平均速率: 0.00 M/s, 最高分辨率: None, 平均帧率: 未知, 视频编解码器: 未知, 音频编解码器: 未知
分类: ☘️广西频道, 名称: 广西IPTV8, 有效: 0, IPv4: 1, IPv6: 0, 最小延迟: -1 ms, 最高速率: 0.00 M/s, 平均速率: 0.00 M/s, 最高分辨率: None, 平均帧率: 未知, 视频编解码器: 未知, 音频编解码器: 未知
分类: ☘️广西频道, 名称: 北海新闻, 有效: 0, IPv4: 1, IPv6: 0, 最小延迟: -1 ms, 最高速率: 0.00 M/s, 平均速率: 0.00 M/s, 最高分辨率: None, 平均帧率: 未知, 视频编解码器: 未知, 音频编解码器: 未知
分类: ☘️广西频道, 名称: 桂林新闻, 有效: 0, IPv4: 3, IPv6: 0, 最小延迟: -1 ms, 最高速率: 0.00 M/s, 平均速率: 0.00 M/s, 最高分辨率: None, 平均帧率: 未知, 视频编解码器: 未知, 音频编解码器: 未知
分类: ☘️广西频道, 名称: 南宁新闻综合, 有效: 0, IPv4: 3, IPv6: 0, 最小延迟: -1 ms, 最高速率: 0.00 M/s, 平均速率: 0.00 M/s, 最高分辨率: None, 平均帧率: 未知, 视频编解码器: 未知, 音频编解码器: 未知
分类: ☘️广西频道, 名称: 南宁公共频道, 有效: 0, IPv4: 3, IPv6: 0, 最小延迟: -1 ms, 最高速率: 0.00 M/s, 平均速率: 0.00 M/s, 最高分辨率: None, 平均帧率: 未知, 视频编解码器: 未知, 音频编解码器: 未知
分类: ☘️广西频道, 名称: 南宁文旅生活, 有效: 0, IPv4: 1, IPv6: 0, 最小延迟: -1 ms, 最高速率: 0.00 M/s, 平均速率: 0.00 M/s, 最高分辨率: None, 平均帧率: 未知, 视频编解码器: 未知, 音频编解码器: 未知
分类: ☘️广西频道, 名称: 南宁都市生活, 有效: 1, IPv4: 2, IPv6: 0, 最小延迟: 2189 ms, 最高速率: 0.27 M/s, 平均速率: 0.27 M/s, 最高分辨率: 1280x720, 平均帧率: 未知, 视频编解码器: 未知, 音频编解码器: 未知
分类: ☘️广西频道, 名称: 南宁影视娱乐, 有效: 0, IPv4: 2, IPv6: 0, 最小延迟: -1 ms, 最高速率: 0.00 M/s, 平均速率: 0.00 M/s, 最高分辨率: None, 平均帧率: 未知, 视频编解码器: 未知, 音频编解码器: 未知
分类: 🌊港·澳·台, 名称: 明珠台, 有效: 1, IPv4: 4, IPv6: 0, 最小延迟: 130 ms, 最高速率: 22.78 M/s, 平均速率: 0.66 M/s, 最高分辨率: 1920x1080, 平均帧率: 30.00, 视频编解码器: h264, 音频编解码器: aac
分类: 🌊港·澳·台, 名称: 翡翠台, 有效: 1, IPv4: 5, IPv6: 0, 最小延迟: 181 ms, 最高速率: 52.31 M/s, 平均速率: 16.79 M/s, 最高分辨率: 1920x1080, 平均帧率: 30.00, 视频编解码器: h264, 音频编解码器: aac
分类: 🌊港·澳·台, 名称: 无线华丽, 有效: 0, IPv4: 1, IPv6: 0, 最小延迟: 253 ms, 最高速率: 17.26 M/s, 平均速率: 0.00 M/s, 最高分辨率: None, 平均帧率: 未知, 视频编解码器: 未知, 音频编解码器: 未知
分类: 🌊港·澳·台, 名称: 无线娱乐, 有效: 0, IPv4: 1, IPv6: 0, 最小延迟: 265 ms, 最高速率: 10.84 M/s, 平均速率: 0.00 M/s, 最高分辨率: None, 平均帧率: 未知, 视频编解码器: 未知, 音频编解码器: 未知
分类: 🌊港·澳·台, 名称: 无线功夫, 有效: 0, IPv4: 1, IPv6: 0, 最小延迟: 136 ms, 最高速率: 21.25 M/s, 平均速率: 0.00 M/s, 最高分辨率: None, 平均帧率: 未知, 视频编解码器: 未知, 音频编解码器: 未知
分类: 🌊港·澳·台, 名称: TVB星河, 有效: 1, IPv4: 1, IPv6: 0, 最小延迟: 3597 ms, 最高速率: 3.90 M/s, 平均速率: 3.90 M/s, 最高分辨率: 1280x720, 平均帧率: 未知, 视频编解码器: 未知, 音频编解码器: 未知
分类: 🌊港·澳·台, 名称: 凤凰中文, 有效: 0, IPv4: 20, IPv6: 0, 最小延迟: 153 ms, 最高速率: 39.91 M/s, 平均速率: 0.00 M/s, 最高分辨率: 1920x1080, 平均帧率: 25.00, 视频编解码器: h264, 音频编解码器: aac
分类: 🌊港·澳·台, 名称: 无线新闻, 有效: 1, IPv4: 3, IPv6: 0, 最小延迟: 260 ms, 最高速率: 1.87 M/s, 平均速率: 0.71 M/s, 最高分辨率: 1920x1080, 平均帧率: 30.00, 视频编解码器: h264, 音频编解码器: aac
分类: 🌊港·澳·台, 名称: 凤凰资讯, 有效: 1, IPv4: 18, IPv6: 0, 最小延迟: 148 ms, 最高速率: 38.38 M/s, 平均速率: 0.34 M/s, 最高分辨率: 1920x1080, 平均帧率: 未知, 视频编解码器: 未知, 音频编解码器: 未知
分类: 🌊港·澳·台, 名称: 凤凰香港, 有效: 0, IPv4: 3, IPv6: 0, 最小延迟: 139 ms, 最高速率: 31.46 M/s, 平均速率: 0.00 M/s, 最高分辨率: 840x480, 平均帧率: 30.00, 视频编解码器: h264, 音频编解码器: aac
分类: 🌊港·澳·台, 名称: 凤凰卫视, 有效: 2, IPv4: 4, IPv6: 0, 最小延迟: 255 ms, 最高速率: 1.65 M/s, 平均速率: 0.61 M/s, 最高分辨率: 1920x1080, 平均帧率: 27.50, 视频编解码器: h264, 音频编解码器: aac
分类: 🌊港·澳·台, 名称: TVBS亚洲, 有效: 5, IPv4: 6, IPv6: 0, 最小延迟: 910 ms, 最高速率: 2.08 M/s, 平均速率: 1.31 M/s, 最高分辨率: 1920x1080, 平均帧率: 未知, 视频编解码器: 未知, 音频编解码器: 未知
分类: 🌊港·澳·台, 名称: 澳门体育, 有效: 0, IPv4: 1, IPv6: 0, 最小延迟: 160 ms, 最高速率: 18.68 M/s, 平均速率: 0.00 M/s, 最高分辨率: None, 平均帧率: 未知, 视频编解码器: 未知, 音频编解码器: 未知
分类: 🌊港·澳·台, 名称: 香港C+_-频道, 有效: 0, IPv4: 1, IPv6: 0, 最小延迟: 5947 ms, 最高速率: 0.30 M/s, 平均速率: 0.00 M/s, 最高分辨率: 1920x1080, 平均帧率: 未知, 视频编解码器: 未知, 音频编解码器: 未知
分类: 🌊港·澳·台, 名称: 澳视澳门, 有效: 0, IPv4: 1, IPv6: 0, 最小延迟: 2595 ms, 最高速率: 1.46 M/s, 平均速率: 0.00 M/s, 最高分辨率: None, 平均帧率: 未知, 视频编解码器: 未知, 音频编解码器: 未知
分类: 🌊港·澳·台, 名称: 澳门莲花, 有效: 0, IPv4: 1, IPv6: 0, 最小延迟: 106 ms, 最高速率: 9.95 M/s, 平均速率: 0.00 M/s, 最高分辨率: None, 平均帧率: 未知, 视频编解码器: 未知, 音频编解码器: 未知
分类: 🌊港·澳·台, 名称: 澳门综艺, 有效: 0, IPv4: 1, IPv6: 0, 最小延迟: 492 ms, 最高速率: 15.33 M/s, 平均速率: 0.00 M/s, 最高分辨率: None, 平均帧率: 未知, 视频编解码器: 未知, 音频编解码器: 未知
分类: 🌊港·澳·台, 名称: 有线综合, 有效: 0, IPv4: 1, IPv6: 0, 最小延迟: 467 ms, 最高速率: 15.58 M/s, 平均速率: 0.00 M/s, 最高分辨率: None, 平均帧率: 未知, 视频编解码器: 未知, 音频编解码器: 未知
分类: 🌊港·澳·台, 名称: TVBS欢乐, 有效: 0, IPv4: 1, IPv6: 0, 最小延迟: -1 ms, 最高速率: 0.00 M/s, 平均速率: 0.00 M/s, 最高分辨率: None, 平均帧率: 未知, 视频编解码器: 未知, 音频编解码器: 未知
分类: 🌊港·澳·台, 名称: Now新闻, 有效: 0, IPv4: 3, IPv6: 0, 最小延迟: 166 ms, 最高速率: 38.10 M/s, 平均速率: 0.00 M/s, 最高分辨率: None, 平均帧率: 未知, 视频编解码器: 未知, 音频编解码器: 未知
分类: 🌊港·澳·台, 名称: 有线新闻, 有效: 1, IPv4: 3, IPv6: 0, 最小延迟: 139 ms, 最高速率: 25.83 M/s, 平均速率: 0.26 M/s, 最高分辨率: 1280x720, 平均帧率: 25.00, 视频编解码器: h264, 音频编解码器: aac
分类: 🌊港·澳·台, 名称: 星空卫视频道, 有效: 0, IPv4: 2, IPv6: 0, 最小延迟: 6153 ms, 最高速率: 0.13 M/s, 平均速率: 0.00 M/s, 最高分辨率: 1920x1080, 平均帧率: 25.00, 视频编解码器: h264, 音频编解码器: mp2
分类: 🌊港·澳·台, 名称: TVBS新闻, 有效: 1, IPv4: 1, IPv6: 0, 最小延迟: 5746 ms, 最高速率: 0.35 M/s, 平均速率: 0.35 M/s, 最高分辨率: 1280x720, 平均帧率: 未知, 视频编解码器: 未知, 音频编解码器: 未知
分类: 🌊港·澳·台, 名称: VIUTV, 有效: 1, IPv4: 2, IPv6: 0, 最小延迟: 870 ms, 最高速率: 14.22 M/s, 平均速率: 10.46 M/s, 最高分辨率: 1920x1080, 平均帧率: 未知, 视频编解码器: 未知, 音频编解码器: 未知
分类: 🌊港·澳·台, 名称: 东森超视, 有效: 2, IPv4: 3, IPv6: 0, 最小延迟: 753 ms, 最高速率: 1.84 M/s, 平均速率: 1.63 M/s, 最高分辨率: 1920x1080, 平均帧率: 未知, 视频编解码器: 未知, 音频编解码器: 未知
分类: 🌊港·澳·台, 名称: 靖天电影, 有效: 0, IPv4: 1, IPv6: 0, 最小延迟: -1 ms, 最高速率: 0.00 M/s, 平均速率: 0.00 M/s, 最高分辨率: None, 平均帧率: 未知, 视频编解码器: 未知, 音频编解码器: 未知
分类: 🌊港·澳·台, 名称: 中视, 有效: 1, IPv4: 2, IPv6: 0, 最小延迟: 323 ms, 最高速率: 1.50 M/s, 平均速率: 1.50 M/s, 最高分辨率: 1920x1080, 平均帧率: 未知, 视频编解码器: 未知, 音频编解码器: 未知
分类: 🌊港·澳·台, 名称: 三立戏剧频道, 有效: 1, IPv4: 1, IPv6: 0, 最小延迟: 5533 ms, 最高速率: 0.34 M/s, 平均速率: 0.34 M/s, 最高分辨率: 1280x720, 平均帧率: 未知, 视频编解码器: 未知, 音频编解码器: 未知
分类: 🌊港·澳·台, 名称: 东森电影, 有效: 0, IPv4: 2, IPv6: 0, 最小延迟: -1 ms, 最高速率: 0.00 M/s, 平均速率: 0.00 M/s, 最高分辨率: None, 平均帧率: 未知, 视频编解码器: 未知, 音频编解码器: 未知
分类: 🌊港·澳·台, 名称: 中视新闻, 有效: 2, IPv4: 2, IPv6: 0, 最小延迟: 456 ms, 最高速率: 4.78 M/s, 平均速率: 3.31 M/s, 最高分辨率: 1920x1080, 平均帧率: 未知, 视频编解码器: 未知, 音频编解码器: 未知
分类: 🌊港·澳·台, 名称: 中视菁采, 有效: 2, IPv4: 2, IPv6: 0, 最小延迟: 1465 ms, 最高速率: 1.47 M/s, 平均速率: 1.05 M/s, 最高分辨率: 1920x1080, 平均帧率: 未知, 视频编解码器: 未知, 音频编解码器: 未知
分类: 🌊港·澳·台, 名称: 台视, 有效: 1, IPv4: 2, IPv6: 0, 最小延迟: 446 ms, 最高速率: 5.10 M/s, 平均速率: 5.10 M/s, 最高分辨率: 1280x720, 平均帧率: 未知, 视频编解码器: 未知, 音频编解码器: 未知
分类: 🌊港·澳·台, 名称: 台视综合, 有效: 2, IPv4: 2, IPv6: 0, 最小延迟: 1701 ms, 最高速率: 2.12 M/s, 平均速率: 1.46 M/s, 最高分辨率: 1920x1080, 平均帧率: 未知, 视频编解码器: 未知, 音频编解码器: 未知
分类: 🌊港·澳·台, 名称: Now体育, 有效: 0, IPv4: 1, IPv6: 0, 最小延迟: 2907 ms, 最高速率: 0.29 M/s, 平均速率: 0.00 M/s, 最高分辨率: 1920x1080, 平均帧率: 未知, 视频编解码器: 未知, 音频编解码器: 未知
分类: 🌊港·澳·台, 名称: 台视新闻, 有效: 5, IPv4: 6, IPv6: 0, 最小延迟: 497 ms, 最高速率: 5.60 M/s, 平均速率: 2.22 M/s, 最高分辨率: 1920x1080, 平均帧率: 30.00, 视频编解码器: h264, 音频编解码器: aac
分类: 🌊港·澳·台, 名称: 华视, 有效: 1, IPv4: 2, IPv6: 0, 最小延迟: 444 ms, 最高速率: 4.93 M/s, 平均速率: 4.93 M/s, 最高分辨率: 1920x1080, 平均帧率: 未知, 视频编解码器: 未知, 音频编解码器: 未知
分类: 🌊港·澳·台, 名称: 台视财经, 有效: 2, IPv4: 2, IPv6: 0, 最小延迟: 442 ms, 最高速率: 5.04 M/s, 平均速率: 5.00 M/s, 最高分辨率: 1920x1080, 平均帧率: 未知, 视频编解码器: 未知, 音频编解码器: 未知
分类: 🌊港·澳·台, 名称: 华视新闻资讯, 有效: 1, IPv4: 1, IPv6: 0, 最小延迟: 304 ms, 最高速率: 1.48 M/s, 平均速率: 1.48 M/s, 最高分辨率: 1920x1080, 平均帧率: 未知, 视频编解码器: 未知, 音频编解码器: 未知
分类: 🌊港·澳·台, 名称: 华视教育体育文化, 有效: 1, IPv4: 1, IPv6: 0, 最小延迟: 459 ms, 最高速率: 4.77 M/s, 平均速率: 4.77 M/s, 最高分辨率: 1920x1080, 平均帧率: 未知, 视频编解码器: 未知, 音频编解码器: 未知
分类: 🌊港·澳·台, 名称: 民视, 有效: 1, IPv4: 2, IPv6: 0, 最小延迟: 324 ms, 最高速率: 1.63 M/s, 平均速率: 1.63 M/s, 最高分辨率: 1920x1080, 平均帧率: 未知, 视频编解码器: 未知, 音频编解码器: 未知
分类: 🌊港·澳·台, 名称: 公视, 有效: 1, IPv4: 1, IPv6: 0, 最小延迟: 458 ms, 最高速率: 5.16 M/s, 平均速率: 5.16 M/s, 最高分辨率: 1920x1080, 平均帧率: 未知, 视频编解码器: 未知, 音频编解码器: 未知
分类: 🌊港·澳·台, 名称: 民视新闻, 有效: 5, IPv4: 6, IPv6: 0, 最小延迟: 445 ms, 最高速率: 4.97 M/s, 平均速率: 1.97 M/s, 最高分辨率: 1920x1080, 平均帧率: 未知, 视频编解码器: 未知, 音频编解码器: 未知
分类: 🌊港·澳·台, 名称: 纬来育乐, 有效: 0, IPv4: 1, IPv6: 0, 最小延迟: -1 ms, 最高速率: 0.00 M/s, 平均速率: 0.00 M/s, 最高分辨率: None, 平均帧率: 未知, 视频编解码器: 未知, 音频编解码器: 未知
分类: 🌊港·澳·台, 名称: 纬来日本, 有效: 0, IPv4: 1, IPv6: 0, 最小延迟: -1 ms, 最高速率: 0.00 M/s, 平均速率: 0.00 M/s, 最高分辨率: None, 平均帧率: 未知, 视频编解码器: 未知, 音频编解码器: 未知
分类: 🌊港·澳·台, 名称: 东森综合, 有效: 1, IPv4: 1, IPv6: 0, 最小延迟: 536 ms, 最高速率: 1.26 M/s, 平均速率: 1.26 M/s, 最高分辨率: 1920x1080, 平均帧率: 29.97, 视频编解码器: h264, 音频编解码器: aac
分类: 🌊港·澳·台, 名称: 中天新闻, 有效: 0, IPv4: 1, IPv6: 0, 最小延迟: 1501 ms, 最高速率: 0.30 M/s, 平均速率: 0.00 M/s, 最高分辨率: 1440x1080, 平均帧率: 未知, 视频编解码器: 未知, 音频编解码器: 未知
分类: 🌊港·澳·台, 名称: 非凡新闻, 有效: 0, IPv4: 2, IPv6: 0, 最小延迟: -1 ms, 最高速率: 0.00 M/s, 平均速率: 0.00 M/s, 最高分辨率: None, 平均帧率: 未知, 视频编解码器: 未知, 音频编解码器: 未知
分类: 🌊港·澳·台, 名称: 民视台湾, 有效: 2, IPv4: 2, IPv6: 0, 最小延迟: 474 ms, 最高速率: 4.82 M/s, 平均速率: 3.03 M/s, 最高分辨率: 1920x1080, 平均帧率: 未知, 视频编解码器: 未知, 音频编解码器: 未知
分类: 🌊港·澳·台, 名称: 纬来精彩, 有效: 1, IPv4: 1, IPv6: 0, 最小延迟: 7784 ms, 最高速率: 0.28 M/s, 平均速率: 0.28 M/s, 最高分辨率: 1280x720, 平均帧率: 未知, 视频编解码器: 未知, 音频编解码器: 未知
分类: 经典频道, 名称: 金牌综艺, 有效: 0, IPv4: 1, IPv6: 0, 最小延迟: -1 ms, 最高速率: 0.00 M/s, 平均速率: 0.00 M/s, 最高分辨率: None, 平均帧率: 未知, 视频编解码器: 未知, 音频编解码器: 未知
分类: 经典频道, 名称: 脱口秀大会伍, 有效: 0, IPv4: 1, IPv6: 0, 最小延迟: -1 ms, 最高速率: 0.00 M/s, 平均速率: 0.00 M/s, 最高分辨率: None, 平均帧率: 未知, 视频编解码器: 未知, 音频编解码器: 未知
分类: 经典频道, 名称: 惊悚悬疑, 有效: 1, IPv4: 2, IPv6: 0, 最小延迟: 101 ms, 最高速率: 10.01 M/s, 平均速率: 10.01 M/s, 最高分辨率: 1920x1080, 平均帧率: 未知, 视频编解码器: 未知, 音频编解码器: 未知
分类: 🌊港·澳·台, 名称: 民视第一, 有效: 3, IPv4: 3, IPv6: 0, 最小延迟: 462 ms, 最高速率: 4.98 M/s, 平均速率: 3.50 M/s, 最高分辨率: 1920x1080, 平均帧率: 未知, 视频编解码器: 未知, 音频编解码器: 未知
分类: 经典频道, 名称: 黑莓动画, 有效: 0, IPv4: 1, IPv6: 0, 最小延迟: -1 ms, 最高速率: 0.00 M/s, 平均速率: 0.00 M/s, 最高分辨率: None, 平均帧率: 未知, 视频编解码器: 未知, 音频编解码器: 未知
分类: 经典频道, 名称: 军旅剧场, 有效: 0, IPv4: 1, IPv6: 0, 最小延迟: -1 ms, 最高速率: 0.00 M/s, 平均速率: 0.00 M/s, 最高分辨率: None, 平均帧率: 未知, 视频编解码器: 未知, 音频编解码器: 未知
分类: 经典频道, 名称: 精品大剧, 有效: 0, IPv4: 1, IPv6: 0, 最小延迟: -1 ms, 最高速率: 0.00 M/s, 平均速率: 0.00 M/s, 最高分辨率: None, 平均帧率: 未知, 视频编解码器: 未知, 音频编解码器: 未知
分类: 经典频道, 名称: 黑莓电影, 有效: 0, IPv4: 1, IPv6: 0, 最小延迟: -1 ms, 最高速率: 0.00 M/s, 平均速率: 0.00 M/s, 最高分辨率: None, 平均帧率: 未知, 视频编解码器: 未知, 音频编解码器: 未知
分类: 经典频道, 名称: 超级体育, 有效: 0, IPv4: 1, IPv6: 0, 最小延迟: -1 ms, 最高速率: 0.00 M/s, 平均速率: 0.00 M/s, 最高分辨率: None, 平均帧率: 未知, 视频编解码器: 未知, 音频编解码器: 未知
分类: 经典频道, 名称: 脱口秀大会肆, 有效: 0, IPv4: 1, IPv6: 0, 最小延迟: -1 ms, 最高速率: 0.00 M/s, 平均速率: 0.00 M/s, 最高分辨率: None, 平均帧率: 未知, 视频编解码器: 未知, 音频编解码器: 未知
分类: 经典频道, 名称: 动作电影, 有效: 0, IPv4: 2, IPv6: 0, 最小延迟: -1 ms, 最高速率: 0.00 M/s, 平均速率: 0.00 M/s, 最高分辨率: None, 平均帧率: 未知, 视频编解码器: 未知, 音频编解码器: 未知
分类: 经典频道, 名称: 爱情喜剧, 有效: 0, IPv4: 1, IPv6: 0, 最小延迟: -1 ms, 最高速率: 0.00 M/s, 平均速率: 0.00 M/s, 最高分辨率: None, 平均帧率: 未知, 视频编解码器: 未知, 音频编解码器: 未知
分类: 经典频道, 名称: 家庭剧场, 有效: 0, IPv4: 1, IPv6: 0, 最小延迟: -1 ms, 最高速率: 0.00 M/s, 平均速率: 0.00 M/s, 最高分辨率: None, 平均帧率: 未知, 视频编解码器: 未知, 音频编解码器: 未知
分类: 经典频道, 名称: 中国功夫, 有效: 0, IPv4: 1, IPv6: 0, 最小延迟: -1 ms, 最高速率: 0.00 M/s, 平均速率: 0.00 M/s, 最高分辨率: None, 平均帧率: 未知, 视频编解码器: 未知, 音频编解码器: 未知
分类: 经典频道, 名称: 武搏世界, 有效: 0, IPv4: 1, IPv6: 0, 最小延迟: -1 ms, 最高速率: 0.00 M/s, 平均速率: 0.00 M/s, 最高分辨率: None, 平均帧率: 未知, 视频编解码器: 未知, 音频编解码器: 未知
分类: 经典频道, 名称: 哒啵赛事, 有效: 0, IPv4: 1, IPv6: 0, 最小延迟: -1 ms, 最高速率: 0.00 M/s, 平均速率: 0.00 M/s, 最高分辨率: None, 平均帧率: 未知, 视频编解码器: 未知, 音频编解码器: 未知
分类: 经典频道, 名称: 老故事, 有效: 2, IPv4: 7, IPv6: 0, 最小延迟: 373 ms, 最高速率: 15.97 M/s, 平均速率: 5.40 M/s, 最高分辨率: 1920x1080, 平均帧率: 50.00, 视频编解码器: h264, 音频编解码器: ac3
分类: 经典频道, 名称: 猫和老鼠, 有效: 0, IPv4: 2, IPv6: 0, 最小延迟: -1 ms, 最高速率: 0.00 M/s, 平均速率: 0.00 M/s, 最高分辨率: None, 平均帧率: 未知, 视频编解码器: 未知, 音频编解码器: 未知
分类: 经典频道, 名称: 精彩影视, 有效: 0, IPv4: 9, IPv6: 0, 最小延迟: -1 ms, 最高速率: 0.00 M/s, 平均速率: 0.00 M/s, 最高分辨率: None, 平均帧率: 未知, 视频编解码器: 未知, 音频编解码器: 未知
分类: 经典频道, 名称: 中华美食, 有效: 0, IPv4: 1, IPv6: 0, 最小延迟: -1 ms, 最高速率: 0.00 M/s, 平均速率: 0.00 M/s, 最高分辨率: None, 平均帧率: 未知, 视频编解码器: 未知, 音频编解码器: 未知
分类: 经典频道, 名称: 中国天气, 有效: 0, IPv4: 14, IPv6: 0, 最小延迟: -1 ms, 最高速率: 0.00 M/s, 平均速率: 0.00 M/s, 最高分辨率: None, 平均帧率: 未知, 视频编解码器: 未知, 音频编解码器: 未知
分类: 🎬电影频道, 名称: CHC家庭影院, 有效: 5, IPv4: 28, IPv6: 0, 最小延迟: 91 ms, 最高速率: 10.59 M/s, 平均速率: 3.35 M/s, 最高分辨率: 1920x1080, 平均帧率: 未知, 视频编解码器: 未知, 音频编解码器: 未知
分类: 🎬电影频道, 名称: CHC动作电影, 有效: 5, IPv4: 31, IPv6: 0, 最小延迟: 107 ms, 最高速率: 9.32 M/s, 平均速率: 6.08 M/s, 最高分辨率: 1920x1080, 平均帧率: 未知, 视频编解码器: 未知, 音频编解码器: 未知
分类: 🎬电影频道, 名称: CHC高清电影, 有效: 0, IPv4: 1, IPv6: 0, 最小延迟: -1 ms, 最高速率: 0.00 M/s, 平均速率: 0.00 M/s, 最高分辨率: None, 平均帧率: 未知, 视频编解码器: 未知, 音频编解码器: 未知
分类: 经典频道, 名称: 古装剧场, 有效: 0, IPv4: 8, IPv6: 0, 最小延迟: 2453 ms, 最高速率: 0.23 M/s, 平均速率: 0.00 M/s, 最高分辨率: 1920x1080, 平均帧率: 25.00, 视频编解码器: h264, 音频编解码器: mp2
分类: 🎬电影频道, 名称: NewTV动作电影, 有效: 1, IPv4: 2, IPv6: 0, 最小延迟: 115 ms, 最高速率: 9.82 M/s, 平均速率: 9.82 M/s, 最高分辨率: 1920x1080, 平均帧率: 未知, 视频编解码器: 未知, 音频编解码器: 未知
分类: 🎬电影频道, 名称: 纬来电影, 有效: 0, IPv4: 1, IPv6: 0, 最小延迟: -1 ms, 最高速率: 0.00 M/s, 平均速率: 0.00 M/s, 最高分辨率: None, 平均帧率: 未知, 视频编解码器: 未知, 音频编解码器: 未知
分类: 🎬电影频道, 名称: 家庭影院, 有效: 0, IPv4: 1, IPv6: 0, 最小延迟: -1 ms, 最高速率: 0.00 M/s, 平均速率: 0.00 M/s, 最高分辨率: None, 平均帧率: 未知, 视频编解码器: 未知, 音频编解码器: 未知
分类: 🎬电影频道, 名称: CHC影迷电影, 有效: 1, IPv4: 26, IPv6: 0, 最小延迟: 1075 ms, 最高速率: 1.98 M/s, 平均速率: 1.98 M/s, 最高分辨率: 1280x720, 平均帧率: 未知, 视频编解码器: 未知, 音频编解码器: 未知
分类: 🎬电影频道, 名称: 无线星河, 有效: 0, IPv4: 1, IPv6: 0, 最小延迟: 2656 ms, 最高速率: 4.11 M/s, 平均速率: 0.00 M/s, 最高分辨率: None, 平均帧率: 未知, 视频编解码器: 未知, 音频编解码器: 未知
分类: 🎬电影频道, 名称: 都市剧场, 有效: 0, IPv4: 1, IPv6: 0, 最小延迟: -1 ms, 最高速率: 0.00 M/s, 平均速率: 0.00 M/s, 最高分辨率: None, 平均帧率: 未知, 视频编解码器: 未知, 音频编解码器: 未知
分类: 🎬电影频道, 名称: 百视通华语影院, 有效: 0, IPv4: 6, IPv6: 0, 最小延迟: -1 ms, 最高速率: 0.00 M/s, 平均速率: 0.00 M/s, 最高分辨率: None, 平均帧率: 未知, 视频编解码器: 未知, 音频编解码器: 未知
分类: 🎬电影频道, 名称: 百事通电影4K, 有效: 0, IPv4: 2, IPv6: 0, 最小延迟: -1 ms, 最高速率: 0.00 M/s, 平均速率: 0.00 M/s, 最高分辨率: None, 平均帧率: 未知, 视频编解码器: 未知, 音频编解码器: 未知
分类: 🎬电影频道, 名称: 百视通星光院线, 有效: 0, IPv4: 6, IPv6: 0, 最小延迟: -1 ms, 最高速率: 0.00 M/s, 平均速率: 0.00 M/s, 最高分辨率: None, 平均帧率: 未知, 视频编解码器: 未知, 音频编解码器: 未知
分类: 🎬电影频道, 名称: 百视通全球大片, 有效: 0, IPv4: 6, IPv6: 0, 最小延迟: -1 ms, 最高速率: 0.00 M/s, 平均速率: 0.00 M/s, 最高分辨率: None, 平均帧率: 未知, 视频编解码器: 未知, 音频编解码器: 未知
分类: 🎬电影频道, 名称: 龙华电影, 有效: 0, IPv4: 3, IPv6: 0, 最小延迟: 164 ms, 最高速率: 40.71 M/s, 平均速率: 0.00 M/s, 最高分辨率: None, 平均帧率: 未知, 视频编解码器: 未知, 音频编解码器: 未知
分类: 🎬电影频道, 名称: 华数喜剧影院, 有效: 0, IPv4: 12, IPv6: 0, 最小延迟: 2104 ms, 最高速率: 0.22 M/s, 平均速率: 0.00 M/s, 最高分辨率: 1920x1080, 平均帧率: 25.00, 视频编解码器: h264, 音频编解码器: mp2
分类: 🎬电影频道, 名称: 华数动作影院, 有效: 0, IPv4: 12, IPv6: 0, 最小延迟: 574 ms, 最高速率: 0.28 M/s, 平均速率: 0.00 M/s, 最高分辨率: 1920x1080, 平均帧率: 25.00, 视频编解码器: h264, 音频编解码器: mp2
分类: 🎬电影频道, 名称: 华数爱上4K电影, 有效: 0, IPv4: 2, IPv6: 0, 最小延迟: -1 ms, 最高速率: 0.00 M/s, 平均速率: 0.00 M/s, 最高分辨率: None, 平均帧率: 未知, 视频编解码器: 未知, 音频编解码器: 未知
分类: 🎬电影频道, 名称: 华数星影, 有效: 0, IPv4: 11, IPv6: 0, 最小延迟: 2059 ms, 最高速率: 0.21 M/s, 平均速率: 0.00 M/s, 最高分辨率: 1920x1080, 平均帧率: 25.00, 视频编解码器: h264, 音频编解码器: mp2
分类: 🎬电影频道, 名称: BesTV谍战剧场, 有效: 0, IPv4: 1, IPv6: 0, 最小延迟: -1 ms, 最高速率: 0.00 M/s, 平均速率: 0.00 M/s, 最高分辨率: None, 平均帧率: 未知, 视频编解码器: 未知, 音频编解码器: 未知
分类: 🎬电影频道, 名称: BesTV华语电影, 有效: 0, IPv4: 1, IPv6: 0, 最小延迟: -1 ms, 最高速率: 0.00 M/s, 平均速率: 0.00 M/s, 最高分辨率: None, 平均帧率: 未知, 视频编解码器: 未知, 音频编解码器: 未知
分类: 🎬电影频道, 名称: 华数经典电影, 有效: 0, IPv4: 14, IPv6: 0, 最小延迟: 574 ms, 最高速率: 0.28 M/s, 平均速率: 0.00 M/s, 最高分辨率: 1920x1080, 平均帧率: 25.00, 视频编解码器: h264, 音频编解码器: mp2
分类: 🎬电影频道, 名称: BesTV星光影院, 有效: 0, IPv4: 1, IPv6: 0, 最小延迟: -1 ms, 最高速率: 0.00 M/s, 平均速率: 0.00 M/s, 最高分辨率: None, 平均帧率: 未知, 视频编解码器: 未知, 音频编解码器: 未知
分类: 🎬电影频道, 名称: BesTV全球大片, 有效: 0, IPv4: 1, IPv6: 0, 最小延迟: -1 ms, 最高速率: 0.00 M/s, 平均速率: 0.00 M/s, 最高分辨率: None, 平均帧率: 未知, 视频编解码器: 未知, 音频编解码器: 未知
分类: 🎬电影频道, 名称: 熊猫影院, 有效: 0, IPv4: 6, IPv6: 0, 最小延迟: -1 ms, 最高速率: 0.00 M/s, 平均速率: 0.00 M/s, 最高分辨率: None, 平均帧率: 未知, 视频编解码器: 未知, 音频编解码器: 未知
分类: 🏀体育频道, 名称: 纬来体育, 有效: 0, IPv4: 1, IPv6: 0, 最小延迟: -1 ms, 最高速率: 0.00 M/s, 平均速率: 0.00 M/s, 最高分辨率: None, 平均帧率: 未知, 视频编解码器: 未知, 音频编解码器: 未知
分类: 🏀体育频道, 名称: 咪咕体育, 有效: 0, IPv4: 1, IPv6: 0, 最小延迟: -1 ms, 最高速率: 0.00 M/s, 平均速率: 0.00 M/s, 最高分辨率: None, 平均帧率: 未知, 视频编解码器: 未知, 音频编解码器: 未知
分类: 🏀体育频道, 名称: IPTV5体育, 有效: 0, IPv4: 6, IPv6: 0, 最小延迟: -1 ms, 最高速率: 0.00 M/s, 平均速率: 0.00 M/s, 最高分辨率: None, 平均帧率: 未知, 视频编解码器: 未知, 音频编解码器: 未知
分类: 🏀体育频道, 名称: 精品体育, 有效: 0, IPv4: 1, IPv6: 0, 最小延迟: -1 ms, 最高速率: 0.00 M/s, 平均速率: 0.00 M/s, 最高分辨率: None, 平均帧率: 未知, 视频编解码器: 未知, 音频编解码器: 未知
分类: 🏀体育频道, 名称: 体育赛事, 有效: 0, IPv4: 2, IPv6: 0, 最小延迟: -1 ms, 最高速率: 0.00 M/s, 平均速率: 0.00 M/s, 最高分辨率: None, 平均帧率: 未知, 视频编解码器: 未知, 音频编解码器: 未知
分类: 🎬电影频道, 名称: 华数热播剧场, 有效: 0, IPv4: 12, IPv6: 0, 最小延迟: 575 ms, 最高速率: 0.28 M/s, 平均速率: 0.00 M/s, 最高分辨率: 1920x1080, 平均帧率: 25.00, 视频编解码器: h264, 音频编解码器: mp2
分类: 🏀体育频道, 名称: 天津体育, 有效: 1, IPv4: 4, IPv6: 0, 最小延迟: 452 ms, 最高速率: 4.36 M/s, 平均速率: 4.36 M/s, 最高分辨率: 1280x720, 平均帧率: 未知, 视频编解码器: 未知, 音频编解码器: 未知
分类: 🏀体育频道, 名称: 吉林篮球, 有效: 0, IPv4: 2, IPv6: 0, 最小延迟: -1 ms, 最高速率: 0.00 M/s, 平均速率: 0.00 M/s, 最高分辨率: None, 平均帧率: 未知, 视频编解码器: 未知, 音频编解码器: 未知
分类: 🏀体育频道, 名称: 安徽综艺体育, 有效: 0, IPv4: 3, IPv6: 0, 最小延迟: -1 ms, 最高速率: 0.00 M/s, 平均速率: 0.00 M/s, 最高分辨率: None, 平均帧率: 未知, 视频编解码器: 未知, 音频编解码器: 未知
分类: 🏀体育频道, 名称: 五星体育, 有效: 0, IPv4: 2, IPv6: 0, 最小延迟: 7499 ms, 最高速率: 0.01 M/s, 平均速率: 0.00 M/s, 最高分辨率: None, 平均帧率: 未知, 视频编解码器: 未知, 音频编解码器: 未知
分类: 🏀体育频道, 名称: 睛彩篮球, 有效: 1, IPv4: 9, IPv6: 0, 最小延迟: 463 ms, 最高速率: 0.67 M/s, 平均速率: 0.67 M/s, 最高分辨率: 1920x1080, 平均帧率: 25.00, 视频编解码器: h264, 音频编解码器: mp2
分类: 🏀体育频道, 名称: 睛彩羽毛球, 有效: 1, IPv4: 7, IPv6: 0, 最小延迟: 454 ms, 最高速率: 0.57 M/s, 平均速率: 0.57 M/s, 最高分辨率: 1920x1080, 平均帧率: 25.00, 视频编解码器: h264, 音频编解码器: mp2
分类: 🏀体育频道, 名称: 魅力足球, 有效: 0, IPv4: 11, IPv6: 0, 最小延迟: -1 ms, 最高速率: 0.00 M/s, 平均速率: 0.00 M/s, 最高分辨率: None, 平均帧率: 未知, 视频编解码器: 未知, 音频编解码器: 未知
分类: 🏀体育频道, 名称: 睛彩广场舞, 有效: 2, IPv4: 8, IPv6: 0, 最小延迟: 96 ms, 最高速率: 10.35 M/s, 平均速率: 5.47 M/s, 最高分辨率: 1920x1080, 平均帧率: 25.00, 视频编解码器: h264, 音频编解码器: mp2
分类: 🏀体育频道, 名称: 天元围棋, 有效: 1, IPv4: 17, IPv6: 0, 最小延迟: 334 ms, 最高速率: 2.58 M/s, 平均速率: 2.58 M/s, 最高分辨率: 1920x1080, 平均帧率: 未知, 视频编解码器: 未知, 音频编解码器: 未知
分类: 🪁动画频道, 名称: 卡酷动画, 有效: 0, IPv4: 1, IPv6: 0, 最小延迟: -1 ms, 最高速率: 0.00 M/s, 平均速率: 0.00 M/s, 最高分辨率: None, 平均帧率: 未知, 视频编解码器: 未知, 音频编解码器: 未知
分类: 🪁动画频道, 名称: 动漫秀场, 有效: 0, IPv4: 1, IPv6: 0, 最小延迟: -1 ms, 最高速率: 0.00 M/s, 平均速率: 0.00 M/s, 最高分辨率: None, 平均帧率: 未知, 视频编解码器: 未知, 音频编解码器: 未知
分类: 🪁动画频道, 名称: 华数少儿动画, 有效: 0, IPv4: 14, IPv6: 0, 最小延迟: 1423 ms, 最高速率: 0.21 M/s, 平均速率: 0.00 M/s, 最高分辨率: 1920x1080, 平均帧率: 25.00, 视频编解码器: h264, 音频编解码器: mp2
分类: 🪁动画频道, 名称: 新动漫, 有效: 1, IPv4: 11, IPv6: 0, 最小延迟: 98 ms, 最高速率: 10.23 M/s, 平均速率: 10.23 M/s, 最高分辨率: 1920x1080, 平均帧率: 未知, 视频编解码器: 未知, 音频编解码器: 未知
分类: 🪁动画频道, 名称: 华数动画, 有效: 0, IPv4: 10, IPv6: 0, 最小延迟: 587 ms, 最高速率: 0.28 M/s, 平均速率: 0.00 M/s, 最高分辨率: 1920x1080, 平均帧率: 25.00, 视频编解码器: h264, 音频编解码器: mp2
分类: 🪁动画频道, 名称: 爱动漫, 有效: 0, IPv4: 6, IPv6: 0, 最小延迟: -1 ms, 最高速率: 0.00 M/s, 平均速率: 0.00 M/s, 最高分辨率: None, 平均帧率: 未知, 视频编解码器: 未知, 音频编解码器: 未知
分类: 🪁动画频道, 名称: CN卡通, 有效: 1, IPv4: 1, IPv6: 0, 最小延迟: 800 ms, 最高速率: 3.33 M/s, 平均速率: 3.33 M/s, 最高分辨率: 1920x1080, 平均帧率: 未知, 视频编解码器: 未知, 音频编解码器: 未知
分类: 🪁动画频道, 名称: 少儿天地, 有效: 0, IPv4: 6, IPv6: 0, 最小延迟: -1 ms, 最高速率: 0.00 M/s, 平均速率: 0.00 M/s, 最高分辨率: None, 平均帧率: 未知, 视频编解码器: 未知, 音频编解码器: 未知
分类: 🪁动画频道, 名称: 优漫卡通, 有效: 2, IPv4: 19, IPv6: 0, 最小延迟: 460 ms, 最高速率: 5.81 M/s, 平均速率: 3.33 M/s, 最高分辨率: 1920x1080, 平均帧率: 25.00, 视频编解码器: h264, 音频编解码器: mp2
分类: 🪁动画频道, 名称: 熊猫卡通, 有效: 0, IPv4: 6, IPv6: 0, 最小延迟: -1 ms, 最高速率: 0.00 M/s, 平均速率: 0.00 M/s, 最高分辨率: None, 平均帧率: 未知, 视频编解码器: 未知, 音频编解码器: 未知
分类: 🪁动画频道, 名称: 炫动卡通, 有效: 1, IPv4: 15, IPv6: 0, 最小延迟: 463 ms, 最高速率: 5.87 M/s, 平均速率: 5.87 M/s, 最高分辨率: 1280x720, 平均帧率: 未知, 视频编解码器: 未知, 音频编解码器: 未知
分类: 🪁动画频道, 名称: 浙江少儿, 有效: 0, IPv4: 2, IPv6: 0, 最小延迟: 1028 ms, 最高速率: 0.46 M/s, 平均速率: 0.00 M/s, 最高分辨率: 1920x1080, 平均帧率: 25.00, 视频编解码器: h264, 音频编解码器: aac
分类: 🪁动画频道, 名称: BesTV动漫, 有效: 0, IPv4: 1, IPv6: 0, 最小延迟: -1 ms, 最高速率: 0.00 M/s, 平均速率: 0.00 M/s, 最高分辨率: None, 平均帧率: 未知, 视频编解码器: 未知, 音频编解码器: 未知
分类: 🪁动画频道, 名称: 金鹰卡通, 有效: 0, IPv4: 51, IPv6: 0, 最小延迟: 551 ms, 最高速率: 0.32 M/s, 平均速率: 0.00 M/s, 最高分辨率: 720x576, 平均帧率: 25.00, 视频编解码器: h264, 音频编解码器: mp2
分类: 🪁动画频道, 名称: BesTV少儿, 有效: 0, IPv4: 1, IPv6: 0, 最小延迟: -1 ms, 最高速率: 0.00 M/s, 平均速率: 0.00 M/s, 最高分辨率: None, 平均帧率: 未知, 视频编解码器: 未知, 音频编解码器: 未知
分类: 🪁动画频道, 名称: 火影忍者, 有效: 0, IPv4: 2, IPv6: 0, 最小延迟: -1 ms, 最高速率: 0.00 M/s, 平均速率: 0.00 M/s, 最高分辨率: None, 平均帧率: 未知, 视频编解码器: 未知, 音频编解码器: 未知
分类: 🪁动画频道, 名称: 百事通少儿4K, 有效: 0, IPv4: 1, IPv6: 0, 最小延迟: -1 ms, 最高速率: 0.00 M/s, 平均速率: 0.00 M/s, 最高分辨率: None, 平均帧率: 未知, 视频编解码器: 未知, 音频编解码器: 未知
分类: 🪁动画频道, 名称: 海绵宝宝, 有效: 0, IPv4: 1, IPv6: 0, 最小延迟: -1 ms, 最高速率: 0.00 M/s, 平均速率: 0.00 M/s, 最高分辨率: None, 平均帧率: 未知, 视频编解码器: 未知, 音频编解码器: 未知
分类: 🪁动画频道, 名称: 中华小当家, 有效: 0, IPv4: 1, IPv6: 0, 最小延迟: -1 ms, 最高速率: 0.00 M/s, 平均速率: 0.00 M/s, 最高分辨率: None, 平均帧率: 未知, 视频编解码器: 未知, 音频编解码器: 未知
分类: 🪁动画频道, 名称: 河北少儿科教, 有效: 0, IPv4: 4, IPv6: 0, 最小延迟: -1 ms, 最高速率: 0.00 M/s, 平均速率: 0.00 M/s, 最高分辨率: None, 平均帧率: 未知, 视频编解码器: 未知, 音频编解码器: 未知
分类: 🪁动画频道, 名称: 七龙珠, 有效: 0, IPv4: 2, IPv6: 0, 最小延迟: -1 ms, 最高速率: 0.00 M/s, 平均速率: 0.00 M/s, 最高分辨率: None, 平均帧率: 未知, 视频编解码器: 未知, 音频编解码器: 未知
分类: 🪁动画频道, 名称: 蜡笔小新, 有效: 0, IPv4: 2, IPv6: 0, 最小延迟: -1 ms, 最高速率: 0.00 M/s, 平均速率: 0.00 M/s, 最高分辨率: None, 平均帧率: 未知, 视频编解码器: 未知, 音频编解码器: 未知
分类: 🎮游戏频道, 名称: 电竞游戏, 有效: 0, IPv4: 1, IPv6: 0, 最小延迟: -1 ms, 最高速率: 0.00 M/s, 平均速率: 0.00 M/s, 最高分辨率: None, 平均帧率: 未知, 视频编解码器: 未知, 音频编解码器: 未知
分类: 🎮游戏频道, 名称: 游戏风云, 有效: 0, IPv4: 1, IPv6: 0, 最小延迟: -1 ms, 最高速率: 0.00 M/s, 平均速率: 0.00 M/s, 最高分辨率: None, 平均帧率: 未知, 视频编解码器: 未知, 音频编解码器: 未知
分类: 🎮游戏频道, 名称: 快乐垂钓, 有效: 0, IPv4: 30, IPv6: 0, 最小延迟: -1 ms, 最高速率: 0.00 M/s, 平均速率: 0.00 M/s, 最高分辨率: None, 平均帧率: 未知, 视频编解码器: 未知, 音频编解码器: 未知
分类: 🎵音乐频道, 名称: 音乐广播, 有效: 0, IPv4: 1, IPv6: 0, 最小延迟: -1 ms, 最高速率: 0.00 M/s, 平均速率: 0.00 M/s, 最高分辨率: None, 平均帧率: 未知, 视频编解码器: 未知, 音频编解码器: 未知
分类: 🎮游戏频道, 名称: 快乐垂钓FHD, 有效: 0, IPv4: 6, IPv6: 0, 最小延迟: -1 ms, 最高速率: 0.00 M/s, 平均速率: 0.00 M/s, 最高分辨率: None, 平均帧率: 未知, 视频编解码器: 未知, 音频编解码器: 未知
